[ajax.googleapis.com/ajax/libs/webfont/1/webfont.js]
[backblue.gif]
[fade.gif]
[index.html]
[localhost_8080/blogs/feed/index.html]
[localhost_8080/blogs/comments/feed/index.html]
[localhost_8080/blogs/wp-includes/js/jquery/jquery.minf43b.js]
[localhost_8080/blogs/wp-includes/js/jquery/jquery-migrate.min5589.js]
[localhost_8080/blogs/wp-content/plugins/woocommerce/assets/js/jquery-blockui/jquery.blockUI.minb8c8.js]
[localhost_8080/blogs/wp-content/plugins/woocommerce/assets/js/frontend/add-to-cart.min2678.js]
[localhost_8080/blogs/wp-content/plugins/woocommerce/assets/js/js-cookie/js.cookie.min48a0.js]
[localhost_8080/blogs/wp-content/plugins/woocommerce/assets/js/frontend/woocommerce.min2678.js]
[localhost_8080/blogs/wp-json/index.html]
[localhost_8080/blogs/wp-json/wp/v2/pages/1019.json]
[localhost_8080/blogs/xmlrpc0db0.php]
[localhost_8080/blogs/wp-json/oembed/1.0/embedfe2f.json]
[localhost_8080/blogs/wp-json/oembed/1.0/embed880b]
[localhost_8080/blogs/wp-content/uploads/2024/01/rawa-trends-logo-yellow.png]
[localhost_8080/blogs/wp-content/uploads/2024/01/96a398b46aq-780x470.jpg]
[localhost_8080/blogs/wp-content/uploads/2024/01/0e5dbe692aa-780x470.jpg]
[localhost_8080/blogs/wp-content/uploads/2024/01/2b792dca01d-780x470.jpg]
[localhost_8080/blogs/wp-content/uploads/2024/01/ec7a8f9f65ض-780x470.jpg]
[localhost_8080/blogs/wp-content/uploads/2024/01/38e1b84187a-780x470.jpg]
[localhost_8080/blogs/wp-content/uploads/2024/01/8236d0c871ي-780x470.jpg]
[localhost_8080/blogs/wp-content/uploads/2024/01/6c1fe8be0ca-780x470.jpg]
[localhost_8080/blogs/wp-content/uploads/2024/01/265d103d32شي-780x470.jpg]
[localhost_8080/blogs/wp-content/uploads/2024/01/2120b1b8f2ي-780x470.jpg]
[localhost_8080/blogs/wp-content/uploads/2024/01/b1d0cd2166d-780x470.jpg]
[localhost_8080/blogs/wp-content/uploads/2024/01/96a398b46aq-390x220.jpg]
[localhost_8080/blogs/wp-content/uploads/2024/01/0e5dbe692aa-220x150.jpg]
[localhost_8080/blogs/wp-content/uploads/2024/01/2b792dca01d-220x150.jpg]
[localhost_8080/blogs/wp-content/uploads/2024/01/ec7a8f9f65ض-220x150.jpg]
[localhost_8080/blogs/wp-content/uploads/2024/01/38e1b84187a-220x150.jpg]
[localhost_8080/blogs/wp-content/uploads/2024/01/8236d0c871ي-390x220.jpg]
[localhost_8080/blogs/wp-content/uploads/2024/01/6c1fe8be0ca-220x150.jpg]
[localhost_8080/blogs/wp-content/uploads/2024/01/265d103d32شي-220x150.jpg]
[localhost_8080/blogs/wp-content/uploads/2024/01/2120b1b8f2ي-220x150.jpg]
[localhost_8080/blogs/wp-content/uploads/2024/01/b1d0cd2166d-220x150.jpg]
[localhost_8080/blogs/wp-content/uploads/2024/01/96a398b46aq-220x150.jpg]
[localhost_8080/blogs/wp-content/uploads/2024/01/8236d0c871ي-220x150.jpg]
[localhost_8080/blogs/wp-content/uploads/2024/01/0e5dbe692aa-390x220.jpg]
[localhost_8080/blogs/wp-content/uploads/2024/01/2b792dca01d-390x220.jpg]
[localhost_8080/blogs/wp-content/uploads/2024/01/ec7a8f9f65ض-390x220.jpg]
[localhost_8080/blogs/wp-content/uploads/2024/01/38e1b84187a-390x220.jpg]
[localhost_8080/blogs/wp-content/uploads/2024/01/6c1fe8be0ca-390x220.jpg]
[localhost_8080/blogs/wp-content/uploads/2024/01/265d103d32شي-390x220.jpg]
[localhost_8080/blogs/wp-content/uploads/2024/01/2120b1b8f2ي-390x220.jpg]
[localhost_8080/blogs/wp-content/themes/jannah/assets/js/scripts.minbf7d.js]
[localhost_8080/blogs/wp-content/themes/jannah/assets/ilightbox/lightboxbf7d.js]
[localhost_8080/blogs/wp-content/themes/jannah/assets/js/sliders.minbf7d.js]
[localhost_8080/blogs/wp-content/themes/jannah/assets/js/shortcodesbf7d.js]
[localhost_8080/blogs/wp-content/themes/jannah/assets/js/desktop.minbf7d.js]
[localhost_8080/blogs/wp-content/themes/jannah/assets/js/live-searchbf7d.js]
[localhost_8080/blogs/wp-content/themes/jannah/assets/js/br-newsbf7d.js]
[localhost_8080/blogs/index.html]
[localhost_8080/blogs/wp-includes/fonts/dashicons7d4b.eot]
[localhost_8080/blogs/wp-includes/css/dashicons.min1e39.css]
[localhost_8080/blogs/wp-includes/fonts/dashicons7d4b.ttf]
[localhost_8080/blogs/wp-content/themes/jannah/assets/css/plugins/buddypress.minbf7d.css]
[localhost_8080/blogs/wp-content/plugins/taqyeem-buttons/assets/style1e39.css]
[localhost_8080/blogs/wp-content/themes/jannah/assets/css/plugins/woocommerce.minbf7d.css]
[localhost_8080/blogs/wp-content/themes/jannah/assets/css/plugins/bbpress.minbf7d.css]
[localhost_8080/blogs/wp-content/themes/jannah/assets/css/base.minbf7d.css]
[localhost_8080/blogs/wp-content/themes/jannah/assets/images/code-bg.png]
[localhost_8080/blogs/wp-content/themes/jannah/assets/css/style.minbf7d.css]
[localhost_8080/blogs/wp-content/themes/jannah/assets/css/widgets.minbf7d.css]
[localhost_8080/blogs/wp-content/themes/jannah/assets/fonts/tielabs-fonticon/tielabs-fonticonab9f.ttf]
[localhost_8080/blogs/wp-content/themes/jannah/assets/fonts/tielabs-fonticon/tielabs-fonticonab9f.woff]
[localhost_8080/blogs/wp-content/themes/jannah/assets/css/helpers.minbf7d.css]
[localhost_8080/blogs/wp-content/themes/jannah/assets/fonts/fontawesome/fa-brands-400.eot]
[localhost_8080/blogs/wp-content/themes/jannah/assets/fonts/fontawesome/fa-brands-400.woff2]
[localhost_8080/blogs/wp-content/themes/jannah/assets/fonts/fontawesome/fa-brands-400.woff]
[localhost_8080/blogs/wp-content/themes/jannah/assets/fonts/fontawesome/fa-brands-400d41d.eot]
[localhost_8080/blogs/wp-content/themes/jannah/assets/fonts/fontawesome/fa-brands-400.ttf]
[localhost_8080/blogs/wp-content/themes/jannah/assets/fonts/fontawesome/fa-regular-400.eot]
[localhost_8080/blogs/wp-content/themes/jannah/assets/fonts/fontawesome/fa-regular-400d41d.eot]
[localhost_8080/blogs/wp-content/themes/jannah/assets/fonts/fontawesome/fa-regular-400.woff2]
[localhost_8080/blogs/wp-content/themes/jannah/assets/fonts/fontawesome/fa-regular-400.woff]
[localhost_8080/blogs/wp-content/themes/jannah/assets/fonts/fontawesome/fa-regular-400.ttf]
[localhost_8080/blogs/wp-content/themes/jannah/assets/fonts/fontawesome/fa-solid-900.eot]
[localhost_8080/blogs/wp-content/themes/jannah/assets/fonts/fontawesome/fa-solid-900.woff2]
[localhost_8080/blogs/wp-content/themes/jannah/assets/fonts/fontawesome/fa-solid-900.59.delayed]
[localhost_8080/blogs/wp-content/themes/jannah/assets/fonts/fontawesome/fa-solid-900d41d.eot]
[localhost_8080/blogs/wp-content/themes/jannah/assets/fonts/fontawesome/fa-solid-900.ttf]
[localhost_8080/blogs/wp-content/themes/jannah/assets/css/fontawesomebf7d.css]
[localhost_8080/blogs/wp-content/themes/jannah/assets/ilightbox/dark-skin/preloader.gif]
[localhost_8080/blogs/wp-content/themes/jannah/assets/ilightbox/dark-skin/caption-bg.png]
[localhost_8080/blogs/wp-content/themes/jannah/assets/ilightbox/dark-skin/alert.png]
[localhost_8080/blogs/wp-content/themes/jannah/assets/ilightbox/dark-skin/buttons.png]
[localhost_8080/blogs/wp-content/themes/jannah/assets/ilightbox/dark-skin/fullscreen-icon-64.png]
[localhost_8080/blogs/wp-content/themes/jannah/assets/ilightbox/dark-skin/fullscreen-icon-ie.png]
[localhost_8080/blogs/wp-content/themes/jannah/assets/ilightbox/dark-skin/x-mark-icon-64.png]
[localhost_8080/blogs/wp-content/themes/jannah/assets/ilightbox/dark-skin/x-mark-icon-ie.png]
[localhost_8080/blogs/wp-content/themes/jannah/assets/ilightbox/dark-skin/arrow-next-icon-64.png]
[localhost_8080/blogs/wp-content/themes/jannah/assets/ilightbox/dark-skin/arrow-next-icon-ie.png]
[localhost_8080/blogs/wp-content/themes/jannah/assets/ilightbox/dark-skin/arrow-prev-icon-64.png]
[localhost_8080/blogs/wp-content/themes/jannah/assets/ilightbox/dark-skin/arrow-prev-icon-ie.png]
[localhost_8080/blogs/wp-content/themes/jannah/assets/ilightbox/dark-skin/play-icon-64.png]
[localhost_8080/blogs/wp-content/themes/jannah/assets/ilightbox/dark-skin/play-icon-ie.png]
[localhost_8080/blogs/wp-content/themes/jannah/assets/ilightbox/dark-skin/pause-icon-64.png]
[localhost_8080/blogs/wp-content/themes/jannah/assets/ilightbox/dark-skin/pause-icon-ie.png]
[localhost_8080/blogs/wp-content/themes/jannah/assets/ilightbox/dark-skin/thumb-overlay-play.png]
[localhost_8080/blogs/wp-content/themes/jannah/assets/ilightbox/dark-skin/arrow-next-vertical-icon-64.png]
[localhost_8080/blogs/wp-content/themes/jannah/assets/ilightbox/dark-skin/arrow-prev-vertical-icon-64.png]
[localhost_8080/blogs/wp-content/themes/jannah/assets/ilightbox/dark-skin/skinbf7d.css]
[localhost_8080/blogs/wp-content/themes/jannah/assets/css/plugins/shortcodes.minbf7d.css]
[localhost_8080/blogs/wp-content/themes/jannah/assets/css/plugins/taqyeem.minbf7d.css]
[localhost_8080/blogs/wp-admin/admin-ajax.html]
[localhost_8080/blogs/wp-content/uploads/2024/01/96a398b46aq.jpg]
[localhost_8080/blogs/2024/01/12/pinnacle-pursuits-a-chronicle-of-sporting-excellence/feed/index.html]
[localhost_8080/blogs/wp-json/wp/v2/posts/1115.json]
[localhost_8080/blogs/wp-json/oembed/1.0/embed87ad.json]
[localhost_8080/blogs/wp-json/oembed/1.0/embedde6e]
[localhost_8080/blogs/wp-content/themes/jannah/assets/js/single.minbf7d.js]
[localhost_8080/blogs/wp-includes/js/comment-reply.min1e39.js]
[localhost_8080/blogs/2024/01/12/pinnacle-pursuits-a-chronicle-of-sporting-excellence/index.html]
[localhost_8080/blogs/wp-content/uploads/2024/01/0e5dbe692aa.jpg]
[localhost_8080/blogs/2024/01/12/the-sporting-canvas-brushstrokes-of-triumph-unity-and-legacy/feed/index.html]
[localhost_8080/blogs/wp-json/wp/v2/posts/1112.json]
[localhost_8080/blogs/wp-json/oembed/1.0/embed962c.json]
[localhost_8080/blogs/wp-json/oembed/1.0/embedd359]
[localhost_8080/blogs/2024/01/12/the-sporting-canvas-brushstrokes-of-triumph-unity-and-legacy/index.html]
[localhost_8080/blogs/wp-content/uploads/2024/01/2b792dca01d.jpg]
[localhost_8080/blogs/wp-json/wp/v2/posts/1109.json]
[localhost_8080/blogs/2024/01/12/game-changers-the-evolution-and-impact-of-modern-sports/feed/index.html]
[localhost_8080/blogs/wp-json/oembed/1.0/embedd9e6.json]
[localhost_8080/blogs/wp-json/oembed/1.0/embededcb]
[localhost_8080/blogs/2024/01/12/game-changers-the-evolution-and-impact-of-modern-sports/index.html]
[localhost_8080/blogs/wp-content/uploads/2024/01/ec7a8f9f65ض.jpg]
[localhost_8080/blogs/2024/01/12/beyond-the-scoreboard-unveiling-the-heart-and-soul-of-sports/feed/index.html]
[localhost_8080/blogs/wp-json/wp/v2/posts/1106.json]
[localhost_8080/blogs/wp-json/oembed/1.0/embed56db.json]
[localhost_8080/blogs/wp-json/oembed/1.0/embeda5df]
[localhost_8080/blogs/2024/01/12/beyond-the-scoreboard-unveiling-the-heart-and-soul-of-sports/index.html]
[localhost_8080/blogs/wp-content/uploads/2024/01/38e1b84187a.jpg]
[localhost_8080/blogs/wp-json/wp/v2/posts/1103.json]
[localhost_8080/blogs/wp-json/oembed/1.0/embed9609.json]
[localhost_8080/blogs/2024/01/12/game-on-unleashing-the-spirit-of-sportsmanship-and-victory/feed/index.html]
[localhost_8080/blogs/wp-json/oembed/1.0/embed26ca]
[localhost_8080/blogs/2024/01/12/game-on-unleashing-the-spirit-of-sportsmanship-and-victory/index.html]
[localhost_8080/blogs/wp-content/uploads/2024/01/8236d0c871ي.jpg]
[localhost_8080/blogs/2024/01/12/flavorful-tales-a-journey-through-global-kitchens/feed/index.html]
[localhost_8080/blogs/wp-json/wp/v2/posts/1042.json]
[localhost_8080/blogs/wp-json/oembed/1.0/embede46a.json]
[localhost_8080/blogs/wp-json/oembed/1.0/embedcd55]
[localhost_8080/blogs/wp-content/uploads/2024/01/b1d0cd2166d-390x220.jpg]
[localhost_8080/blogs/2024/01/12/flavorful-tales-a-journey-through-global-kitchens/index.html]
[localhost_8080/blogs/wp-content/uploads/2024/01/6c1fe8be0ca.jpg]
[localhost_8080/blogs/2024/01/12/home-kitchen-chronicles-easy-recipes-for-everyday-joy/feed/index.html]
[localhost_8080/blogs/wp-json/wp/v2/posts/1039.json]
[localhost_8080/blogs/wp-json/oembed/1.0/embedd81b.json]
[localhost_8080/blogs/wp-json/oembed/1.0/embedfbff]
[localhost_8080/blogs/2024/01/12/home-kitchen-chronicles-easy-recipes-for-everyday-joy/index.html]
[localhost_8080/blogs/wp-content/uploads/2024/01/265d103d32شي.jpg]
[localhost_8080/blogs/2024/01/12/simple-eats-elevating-home-cooking-with-everyday-ingredients/feed/index.html]
[localhost_8080/blogs/wp-json/wp/v2/posts/1036.json]
[localhost_8080/blogs/wp-json/oembed/1.0/embed23d4.json]
[localhost_8080/blogs/wp-json/oembed/1.0/embed1fe9]
[localhost_8080/blogs/2024/01/12/simple-eats-elevating-home-cooking-with-everyday-ingredients/index.html]
[localhost_8080/blogs/wp-content/uploads/2024/01/2120b1b8f2ي.jpg]
[localhost_8080/blogs/2024/01/12/savoring-the-fusion-of-culture-and-cuisine/feed/index.html]
[localhost_8080/blogs/wp-json/wp/v2/posts/1029.json]
[localhost_8080/blogs/wp-json/oembed/1.0/embed6421.json]
[localhost_8080/blogs/wp-json/oembed/1.0/embedbfb0]
[localhost_8080/blogs/2024/01/12/savoring-the-fusion-of-culture-and-cuisine/index.html]
[localhost_8080/blogs/wp-content/uploads/2024/01/b1d0cd2166d.jpg]
[localhost_8080/blogs/wp-json/wp/v2/posts/1026.json]
[localhost_8080/blogs/2024/01/12/the-art-of-culinary-exploration-a-gastronomic-journey-through-time-and-taste/feed/index.html]
[localhost_8080/blogs/wp-json/oembed/1.0/embedcb82.json]
[localhost_8080/blogs/wp-json/oembed/1.0/embed8f37]
[localhost_8080/blogs/2024/01/12/the-art-of-culinary-exploration-a-gastronomic-journey-through-time-and-taste/index.html]
[localhost_8080/blogs/wp-content/plugins/woocommerce/assets/js/frontend/country-select.min2678.js]
[localhost_8080/blogs/wp-content/plugins/woocommerce/assets/js/frontend/address-i18n.min2678.js]
[localhost_8080/blogs/wp-content/plugins/woocommerce/assets/js/frontend/cart.min2678.js]
[localhost_8080/blogs/wp-content/plugins/woocommerce/assets/js/selectWoo/selectWoo.full.min2076.js]
[localhost_8080/blogs/wp-json/wp/v2/pages/10.json]
[localhost_8080/blogs/wp-json/oembed/1.0/embed5d5f.json]
[localhost_8080/blogs/wp-json/oembed/1.0/embed4286]
[localhost_8080/blogs/wp-content/uploads/woocommerce-placeholder-300x300.png]
[localhost_8080/blogs/wp-includes/js/dist/vendor/lodash.minf492.js]
[localhost_8080/blogs/wp-includes/js/dist/vendor/wp-polyfill-inert.min0226.js]
[localhost_8080/blogs/wp-includes/js/dist/vendor/regenerator-runtime.min6c85.js]
[localhost_8080/blogs/wp-includes/js/dist/vendor/wp-polyfill.min2c7c.js]
[localhost_8080/blogs/wp-includes/js/dist/vendor/react.min7a3b.js]
[localhost_8080/blogs/wp-includes/js/dist/vendor/react-dom.min7a3b.js]
[localhost_8080/blogs/wp-includes/js/dist/hooks.min2ebd.js]
[localhost_8080/blogs/wp-includes/js/dist/deprecated.min664b.js]
[localhost_8080/blogs/wp-includes/js/dist/dom.minbac8.js]
[localhost_8080/blogs/wp-includes/js/dist/escape-html.min0311.js]
[localhost_8080/blogs/wp-includes/js/dist/element.min0eb1.js]
[localhost_8080/blogs/wp-includes/js/dist/is-shallow-equal.mincc0f.js]
[localhost_8080/blogs/wp-includes/js/dist/i18n.minf92f.js]
[localhost_8080/blogs/wp-includes/js/dist/keycodes.min3d5f.js]
[localhost_8080/blogs/wp-includes/js/dist/priority-queue.mind972.js]
[localhost_8080/blogs/wp-includes/js/dist/compose.min3e86.js]
[localhost_8080/blogs/wp-includes/js/dist/private-apis.min3089.js]
[localhost_8080/blogs/wp-includes/js/dist/redux-routine.min9528.js]
[localhost_8080/blogs/wp-includes/js/dist/data.min23f6.js]
[localhost_8080/blogs/wp-content/plugins/woocommerce/packages/woocommerce-blocks/build/wc-blocks-registrye7f0.js]
[localhost_8080/blogs/wp-includes/js/dist/url.min7dc0.js]
[localhost_8080/blogs/wp-includes/js/dist/api-fetch.min471f.js]
[localhost_8080/blogs/wp-content/plugins/woocommerce/packages/woocommerce-blocks/build/wc-settings4616.js]
[localhost_8080/blogs/wp-includes/js/dist/data-controls.min0740.js]
[localhost_8080/blogs/wp-includes/js/dist/html-entities.min68f0.js]
[localhost_8080/blogs/wp-includes/js/dist/notices.min380b.js]
[localhost_8080/blogs/wp-content/plugins/woocommerce/packages/woocommerce-blocks/build/wc-blocks-middlewarece2b.js]
[localhost_8080/blogs/wp-content/plugins/woocommerce/packages/woocommerce-blocks/build/wc-blocks-data5b32.js]
[localhost_8080/blogs/wp-includes/js/dist/dom-ready.minded6.js]
[localhost_8080/blogs/wp-includes/js/dist/a11y.min866e.js]
[localhost_8080/blogs/wp-includes/js/dist/primitives.minfde7.js]
[localhost_8080/blogs/wp-includes/js/dist/warning.minb0b0.js]
[localhost_8080/blogs/wp-content/plugins/woocommerce/packages/woocommerce-blocks/build/blocks-checkoutd12e.js]
[localhost_8080/blogs/wp-content/plugins/woocommerce/packages/woocommerce-blocks/build/blocks-components40f5.js]
[localhost_8080/blogs/wp-content/plugins/woocommerce/packages/woocommerce-blocks/build/wc-blocks-shared-context924b.js]
[localhost_8080/blogs/wp-content/plugins/woocommerce/packages/woocommerce-blocks/build/wc-blocks-shared-hocs90e2.js]
[localhost_8080/blogs/wp-content/plugins/woocommerce/packages/woocommerce-blocks/build/price-format65ec.js]
[localhost_8080/blogs/wp-includes/js/dist/autop.min13aa.js]
[localhost_8080/blogs/wp-includes/js/dist/blob.min0be0.js]
[localhost_8080/blogs/wp-includes/js/dist/block-serialization-default-parser.min0082.js]
[localhost_8080/blogs/wp-includes/js/dist/shortcode.min1b36.js]
[localhost_8080/blogs/wp-includes/js/dist/blocks.minc6ee.js]
[localhost_8080/blogs/wp-includes/js/dist/plugins.mind3be.js]
[localhost_8080/blogs/wp-includes/js/dist/style-engine.mind12a.js]
[localhost_8080/blogs/wp-includes/js/dist/wordcount.min13b3.js]
[localhost_8080/blogs/wp-content/plugins/woocommerce/packages/woocommerce-blocks/build/cart-frontenddcc9.js]
[localhost_8080/blogs/cart/index.html]
[localhost_8080/blogs/shop/feed/index.html]
[localhost_8080/blogs/wp-includes/js/jquery/ui/core.min3f14.js]
[localhost_8080/blogs/wp-includes/js/jquery/ui/mouse.min3f14.js]
[localhost_8080/blogs/wp-includes/js/jquery/ui/slider.min3f14.js]
[localhost_8080/blogs/wp-content/plugins/woocommerce/assets/js/jquery-ui-touch-punch/jquery-ui-touch-punch.min2678.js]
[localhost_8080/blogs/wp-content/plugins/woocommerce/assets/js/accounting/accounting.minaffb.js]
[localhost_8080/blogs/wp-content/plugins/woocommerce/assets/js/frontend/price-slider.min2678.js]
[localhost_8080/blogs/shop/index.html]
[localhost_8080/blogs/indexa52e.html]
[localhost_8080/blogs/wp-json/wp/v2/categories/61.json]
[localhost_8080/blogs/category/food-nutrition/index.html]
[localhost_8080/blogs/wp-json/wp/v2/categories/62.json]
[localhost_8080/blogs/category/health/index.html]
[localhost_8080/blogs/wp-json/wp/v2/categories/60.json]
[localhost_8080/blogs/category/sport/index.html]
[localhost_8080/blogs/wp-json/wp/v2/users/1.json]
[localhost_8080/blogs/category/food-nutrition/feed/index.html]
[localhost_8080/blogs/author/blogs/index.html]
[localhost_8080/blogs/category/health/feed/index.html]
[localhost_8080/blogs/wp-content/plugins/woocommerce/assets/js/zoom/jquery.zoom.mine101.js]
[localhost_8080/blogs/wp-content/plugins/woocommerce/assets/js/flexslider/jquery.flexslider.mind58c.js]
[localhost_8080/blogs/wp-content/plugins/woocommerce/assets/js/frontend/single-product.min2678.js]
[localhost_8080/blogs/category/sport/feed/index.html]
[localhost_8080/blogs/wp-json/wp/v2/product/75.json]
[localhost_8080/blogs/author/blogs/feed/index.html]
[localhost_8080/blogs/product/single/feed/index.html]
[localhost_8080/blogs/wp-json/oembed/1.0/embedcaec.json]
[localhost_8080/blogs/wp-json/oembed/1.0/embed1838]
[localhost_8080/blogs/product/single/index.html]
[localhost_8080/blogs/category/tie-world/feed/index.html]
[localhost_8080/blogs/wp-json/wp/v2/categories/38.json]
[localhost_8080/blogs/category/tie-world/index.html]
[localhost_8080/blogs/category/tie-tech/feed/index.html]
[localhost_8080/blogs/wp-json/wp/v2/categories/55.json]
[localhost_8080/blogs/category/tie-tech/index.html]
[localhost_8080/blogs/wp-includes/js/zxcvbn-async.min5152.js]
[localhost_8080/blogs/wp-admin/js/password-strength-meter.min1e39.js]
[localhost_8080/blogs/wp-content/plugins/woocommerce/assets/js/frontend/password-strength-meter.min2678.js]
[localhost_8080/blogs/wp-content/plugins/woocommerce/assets/js/frontend/lost-password.min2678.js]
[localhost_8080/blogs/wp-json/wp/v2/pages/12.json]
[localhost_8080/blogs/wp-json/oembed/1.0/embedb7ca.json]
[localhost_8080/blogs/wp-json/oembed/1.0/embedf32b]
[localhost_8080/blogs/my-account/lost-password/index.html]
[localhost_8080/blogs/wp-content/themes/plugins/woocommerce/assets/images/icons/credit-cards/visa.html]
[localhost_8080/blogs/wp-content/themes/plugins/woocommerce/assets/images/icons/credit-cards/mastercard.html]
[localhost_8080/blogs/wp-content/themes/plugins/woocommerce/assets/images/icons/credit-cards/laser.html]
[localhost_8080/blogs/wp-content/themes/plugins/woocommerce/assets/images/icons/credit-cards/diners.html]
[localhost_8080/blogs/wp-content/themes/plugins/woocommerce/assets/images/icons/credit-cards/maestro.html]
[localhost_8080/blogs/wp-content/themes/plugins/woocommerce/assets/images/icons/credit-cards/jcb.html]
[localhost_8080/blogs/wp-content/themes/plugins/woocommerce/assets/images/icons/credit-cards/amex.html]
[localhost_8080/blogs/wp-content/themes/plugins/woocommerce/assets/images/icons/credit-cards/discover.html]
[localhost_8080/blogs/wp-content/themes/jannah/assets/fonts/tielabs-fonticon/tielabs-fonticonab9f.svg]
[localhost_8080/blogs/wp-content/themes/jannah/assets/fonts/fontawesome/fa-brands-400.svg]
[localhost_8080/blogs/wp-content/themes/jannah/assets/fonts/fontawesome/fa-regular-400.svg]
[localhost_8080/blogs/wp-content/themes/jannah/assets/fonts/fontawesome/fa-solid-900.svg]
[localhost_8080/blogs/wp-content/themes/jannah/assets/ilightbox/dark-skin/ilightbox/closedhand.html]
[localhost_8080/blogs/wp-includes/css/dist/block-library/style.min1e39.css]
[localhost_8080/blogs/wp-content/themes/jannah/assets/css/single.minbf7d.css]
[localhost_8080/blogs/wp-content/themes/jannah/assets/css/printbf7d.css]
[localhost_8080/blogs/index1efb.html]
[localhost_8080/blogs/2024/01/12/pinnacle-pursuits-a-chronicle-of-sporting-excellence/indexa52e.html]
[pinterest.com/pin/create/button/indexe0d4.html]
[localhost_8080/blogs/index6dbe.html]
[localhost_8080/blogs/2024/01/12/the-sporting-canvas-brushstrokes-of-triumph-unity-and-legacy/indexa52e.html]
[pinterest.com/pin/create/button/index1208.html]
[localhost_8080/blogs/index6a48.html]
[localhost_8080/blogs/2024/01/12/game-changers-the-evolution-and-impact-of-modern-sports/indexa52e.html]
[pinterest.com/pin/create/button/index9f92.html]
[localhost_8080/blogs/index7681.html]
[localhost_8080/blogs/2024/01/12/beyond-the-scoreboard-unveiling-the-heart-and-soul-of-sports/indexa52e.html]
[pinterest.com/pin/create/button/indexb9d4.html]
[www.pinterest.com/pin/create/button/index8b7f.html]
[localhost_8080/blogs/index70ff.html]
[localhost_8080/blogs/2024/01/12/game-on-unleashing-the-spirit-of-sportsmanship-and-victory/indexa52e.html]
[www.pinterest.com/pin/create/button/index9548.html]
[www.pinterest.com/pin/create/button/index4449.html]
[www.pinterest.com/pin/create/button/index42d7.html]
[localhost_8080/blogs/index817f.html]
[localhost_8080/blogs/2024/01/12/flavorful-tales-a-journey-through-global-kitchens/indexa52e.html]
[pinterest.com/pin/create/button/index40eb.html]
[localhost_8080/blogs/index5900.html]
[localhost_8080/blogs/2024/01/12/home-kitchen-chronicles-easy-recipes-for-everyday-joy/indexa52e.html]
[pinterest.com/pin/create/button/index917c.html]
[localhost_8080/blogs/index6b6b.html]
[localhost_8080/blogs/2024/01/12/simple-eats-elevating-home-cooking-with-everyday-ingredients/indexa52e.html]
[pinterest.com/pin/create/button/index0006.html]
[www.pinterest.com/pin/create/button/index79d8.html]
[www.pinterest.com/pin/create/button/index1a1e.html]
[www.pinterest.com/pin/create/button/indexb680.html]
[localhost_8080/blogs/wp-includes/js/underscore.mind584.js]
[localhost_8080/blogs/wp-includes/js/wp-util.min1e39.js]
[localhost_8080/blogs/wp-admin/js/user-profile.min1e39.js]
[localhost_8080/blogs/wp-login9d4c.html]
[localhost_8080/blogs/indexd589.html]
[localhost_8080/blogs/2024/01/12/savoring-the-fusion-of-culture-and-cuisine/indexa52e.html]
[pinterest.com/pin/create/button/index8920.html]
[localhost_8080/blogs/index8285.html]
[localhost_8080/blogs/2024/01/12/the-art-of-culinary-exploration-a-gastronomic-journey-through-time-and-taste/indexa52e.html]
[pinterest.com/pin/create/button/index388e.html]
[localhost_8080/blogs/wp-content/plugins/woocommerce/assets/css/select22678.css]
[localhost_8080/blogs/wp-content/plugins/woocommerce/packages/woocommerce-blocks/build/wc-blocks67d8.css]
[localhost_8080/blogs/wp-content/plugins/woocommerce/packages/woocommerce-blocks/build/all-products67d8.css]
[localhost_8080/blogs/wp-content/plugins/woocommerce/packages/woocommerce-blocks/build/cart67d8.css]
[localhost_8080/blogs/wp-content/plugins/woocommerce/packages/woocommerce-blocks/build/packages-style67d8.css]
[localhost_8080/blogs/index64b4.html]
[localhost_8080/blogs/cart/indexa52e.html]
[localhost_8080/blogs/wp-json/wp/v2/product/89.json]
[localhost_8080/blogs/product/wordpress-pennant/feed/index.html]
[localhost_8080/blogs/wp-json/oembed/1.0/embeda5b4.json]
[localhost_8080/blogs/wp-json/oembed/1.0/embed7769]
[localhost_8080/blogs/product/wordpress-pennant/index.html]
[localhost_8080/blogs/wp-content/plugins/woocommerce/packages/woocommerce-blocks/build/checkout-frontend4e9e.js]
[www.pinterest.com/pin/create/button/index368e.html]
[localhost_8080/blogs/cart/index2b90.html]
[localhost_8080/blogs/wp-json/wp/v2/product/87.json]
[localhost_8080/blogs/product/logo-collection/feed/index.html]
[www.pinterest.com/pin/create/button/index73a8.html]
[localhost_8080/blogs/wp-json/oembed/1.0/embed208a.json]
[localhost_8080/blogs/wp-json/oembed/1.0/embed0fc3]
[localhost_8080/blogs/product/logo-collection/index.html]
[localhost_8080/blogs/product/beanie-with-logo/feed/index.html]
[localhost_8080/blogs/wp-json/wp/v2/product/85.json]
[localhost_8080/blogs/wp-json/oembed/1.0/embedae5b.json]
[localhost_8080/blogs/wp-json/oembed/1.0/embedfa2f]
[localhost_8080/blogs/product/beanie-with-logo/index.html]
[localhost_8080/blogs/cart/index4b40.html]
[localhost_8080/blogs/product/t-shirt-with-logo/feed/index.html]
[localhost_8080/blogs/wp-json/wp/v2/product/83.json]
[localhost_8080/blogs/wp-json/oembed/1.0/embed815f.json]
[localhost_8080/blogs/wp-json/oembed/1.0/embed5d19]
[localhost_8080/blogs/product/t-shirt-with-logo/index.html]
[localhost_8080/blogs/cart/index07d1.html]
[localhost_8080/blogs/wp-admin/admin-ajaxf809.html]
[localhost_8080/blogs/shop/page/2/index.html]
[localhost_8080/blogs/shop/indexa52e.html]
[localhost_8080/blogs/wp-json/wp/v2/product/73.json]
[localhost_8080/blogs/wp-json/oembed/1.0/embed54bf.json]
[localhost_8080/blogs/wp-json/oembed/1.0/embed.127e0ad.delayed]
[localhost_8080/blogs/product/album/index.html]
[localhost_8080/blogs/shop/index18c1.html]
[localhost_8080/blogs/product/album/feed/index.html]
[localhost_8080/blogs/wp-json/wp/v2/product/48.json]
[localhost_8080/blogs/product/beanie/feed/index.html]
[localhost_8080/blogs/wp-json/oembed/1.0/embed74d5.json]
[localhost_8080/blogs/wp-json/oembed/1.0/embed752a]
[localhost_8080/blogs/product/beanie/index.html]
[localhost_8080/blogs/shop/index4684.html]
[localhost_8080/blogs/shop/index4b40.html]
[localhost_8080/blogs/wp-json/wp/v2/product/58.json]
[localhost_8080/blogs/product/belt/feed/index.html]
[localhost_8080/blogs/wp-json/oembed/1.0/embedbabf.json]
[localhost_8080/blogs/wp-json/oembed/1.0/embed2719]
[localhost_8080/blogs/product/belt/index.html]
[localhost_8080/blogs/shop/index0a69.html]
[localhost_8080/blogs/product/cap/feed/index.html]
[localhost_8080/blogs/wp-json/wp/v2/product/60.json]
[localhost_8080/blogs/wp-json/oembed/1.0/embed4f89.json]
[localhost_8080/blogs/wp-json/oembed/1.0/embeda356]
[localhost_8080/blogs/product/cap/index.html]
[localhost_8080/blogs/shop/index7054.html]
[localhost_8080/blogs/wp-json/wp/v2/product/45.json]
[localhost_8080/blogs/product/hoodie/feed/index.html]
[localhost_8080/blogs/wp-json/oembed/1.0/embedf8f3.json]
[localhost_8080/blogs/wp-json/oembed/1.0/embed2629]
[localhost_8080/blogs/product/hoodie/index.html]
[localhost_8080/blogs/shop/indexec93.html]
[localhost_8080/blogs/product/hoodie-with-logo/feed/index.html]
[localhost_8080/blogs/wp-json/wp/v2/product/46.json]
[localhost_8080/blogs/wp-json/oembed/1.0/embeddadf.json]
[localhost_8080/blogs/wp-json/oembed/1.0/embed0c71]
[localhost_8080/blogs/product/hoodie-with-logo/index.html]
[localhost_8080/blogs/shop/index751f.html]
[localhost_8080/blogs/product/hoodie-with-pocket/feed/index.html]
[localhost_8080/blogs/wp-json/wp/v2/product/64.json]
[localhost_8080/blogs/wp-json/oembed/1.0/embed201a.json]
[localhost_8080/blogs/wp-json/oembed/1.0/embed3a95]
[localhost_8080/blogs/product/hoodie-with-pocket/index.html]
[localhost_8080/blogs/shop/indexedb8.html]
[localhost_8080/blogs/wp-json/wp/v2/product/66.json]
[localhost_8080/blogs/product/hoodie-with-zipper/feed/index.html]
[localhost_8080/blogs/wp-json/oembed/1.0/embed7c2f.json]
[localhost_8080/blogs/wp-json/oembed/1.0/embed0593]
[localhost_8080/blogs/product/hoodie-with-zipper/index.html]
[localhost_8080/blogs/shop/index9372.html]
[localhost_8080/blogs/wp-json/wp/v2/product/68.json]
[localhost_8080/blogs/product/long-sleeve-tee/feed/index.html]
[localhost_8080/blogs/wp-json/oembed/1.0/embed687a.json]
[localhost_8080/blogs/wp-json/oembed/1.0/embed62a7]
[localhost_8080/blogs/product/long-sleeve-tee/index.html]
[localhost_8080/blogs/shop/index93a1.html]
[localhost_8080/blogs/wp-json/wp/v2/product/70.json]
[localhost_8080/blogs/product/polo/feed/index.html]
[localhost_8080/blogs/wp-json/oembed/1.0/embedcd16.json]
[localhost_8080/blogs/wp-json/oembed/1.0/embedefa1]
[localhost_8080/blogs/product/polo/index.html]
[localhost_8080/blogs/shop/indexf6b1.html]
[localhost_8080/blogs/product-category/uncategorized/feed/index.html]
[localhost_8080/blogs/wp-json/wp/v2/product_cat/15.json]
[localhost_8080/blogs/product-category/uncategorized/index.html]
[localhost_8080/blogs/category/food-nutrition/indexa52e.html]
[localhost_8080/blogs/category/health/indexa52e.html]
[localhost_8080/blogs/category/sport/indexa52e.html]
[localhost_8080/blogs/author/blogs/indexa52e.html]
[localhost_8080/blogs/indexe839.html]
[localhost_8080/blogs/product/single/indexa52e.html]
[localhost_8080/blogs/category/tie-world/indexa52e.html]
[localhost_8080/blogs/category/tie-tech/indexa52e.html]
[localhost_8080/blogs/my-account/index.html]
[localhost_8080/blogs/index678b.html]
[localhost_8080/blogs/my-account/lost-password/indexa52e.html]
[s.pinimg.com/webapp/runtime-a99f9f36eff1f837.js]
[s.pinimg.com/webapp/polyfills-6a858792b861f9f3.js]
[s.pinimg.com/webapp/75481-e132d7125dcf9b23.js]
[s.pinimg.com/webapp/70472-49cc75f64ef58dbd.js]
[s.pinimg.com/webapp/11671-bcabad8c9ed4db75.js]
[s.pinimg.com/webapp/locale-en_US-lite-js-85f84b176f682787.js]
[s.pinimg.com/webapp/vendor-react-c836509cfdbc8346.js]
[s.pinimg.com/webapp/8390-c3d77bc0664244b0.js]
[s.pinimg.com/webapp/99689-b0c843a8ca561689.js]
[s.pinimg.com/webapp/26067-da073bfac3d85b3e.js]
[s.pinimg.com/webapp/17492-525e813a378d7264.js]
[s.pinimg.com/webapp/48327-c0fabd5e228cf9a3.js]
[s.pinimg.com/webapp/83998-ce76d68709695c32.js]
[s.pinimg.com/webapp/66312-17256a790d72703b.js]
[s.pinimg.com/webapp/99246-853059195b10c197.js]
[s.pinimg.com/webapp/81669-37f951526316870e.js]
[s.pinimg.com/webapp/50040-cc7fe82f59788143.js]
[s.pinimg.com/webapp/17197-288bfef5ad82012f.js]
[s.pinimg.com/webapp/87072-6c835d2a3d0f83dc.js]
[s.pinimg.com/webapp/83521-056b240b021ca2fc.js]
[s.pinimg.com/webapp/55788-0d32c40e49c2c146.js]
[s.pinimg.com/webapp/67419-3169f1af6bea8dea.js]
[s.pinimg.com/webapp/43424-7c29dc5b591d8d52.js]
[s.pinimg.com/webapp/30102-1e3232b24befe8f6.js]
[s.pinimg.com/webapp/67900-a8d5a611b75a474f.js]
[s.pinimg.com/webapp/81165-313f95cf0c5fab18.js]
[s.pinimg.com/webapp/22485-e0ff6fdff37df256.js]
[s.pinimg.com/webapp/23468-0ceedb9ea97d0c14.js]
[s.pinimg.com/webapp/66707-c36a108ef5b41378.js]
[s.pinimg.com/webapp/www/pin/create/[method]-3cab454f783552f3.js]
[s.pinimg.com/webapp/63582-72c9a89b004c80af.js]
[s.pinimg.com/webapp/37406-daafaa24285b91aa.js]
[s.pinimg.com/webapp/68445-fd4c7bb06dcb100f.js]
[s.pinimg.com/webapp/80538-575f76327b0c2a56.js]
[s.pinimg.com/webapp/15691-c70a8d1034eddac5.js]
[s.pinimg.com/webapp/19437-eef6ecb40f5a4644.js]
[s.pinimg.com/webapp/6863-e58a8a756be42b7c.js]
[s.pinimg.com/webapp/73453-4c9a3a0ac0ab3683.js]
[s.pinimg.com/webapp/90123-0485c2c9980f04d1.js]
[s.pinimg.com/webapp/www/_client-e154e21705227264.js]
[s.pinimg.com/webapp/logo_trans_144x144-a77ee814.png]
[s.pinimg.com/webapp/favicon-22eb868c.png]
[s.pinimg.com/webapp/29884-7b5ca98db0b25b0f.js]
[s.pinimg.com/webapp/www/[username]-582e14f164f549ff.js]
[s.pinimg.com/webapp/91770-4a55df45bb6e8e77.js]
[www.pinterest.com/pin/create/button/ios-app_/429047995/pinterest/add_pin/_method=button&image_url=&source_url=http_/localhost_8080/blogs/2024/01/12/pinnacle-pursuits-a-chronicle-of-sporting-e/96a398b46aq.16e.delaye]
[www.pinterest.com/pin/create/button/android-app_/com.pinterest/pinterest/www.pinterest.com/pin/create/button/_media=&url=http_/localhost_8080/blogs/2024/01/12/pinnacle-pursuits-a-chronicle-of/96a398b46aq.16f.delaye]
[s.pinimg.com/webapp/44970-5dffff0a160d38df.js]
[s.pinimg.com/webapp/12847-0c840303c2000b17.js]
[s.pinimg.com/webapp/43948-eae65f3519ef0f7e.js]
[s.pinimg.com/webapp/37170-aff0aedfeee23127.js]
[s.pinimg.com/webapp/61510-07d40078c1769115.js]
[s.pinimg.com/webapp/13951-f406f996514f5486.js]
[s.pinimg.com/webapp/16142-04d41aaf7b4bbd56.js]
[s.pinimg.com/webapp/99529-c70d2df4658aba4e.js]
[s.pinimg.com/webapp/www/[username]/[slug]/invite-294f066f9efdf28f.css]
[s.pinimg.com/webapp/70987-9188ecd32873a39b.js]
[s.pinimg.com/webapp/11582-619afef2c77c1b7f.js]
[s.pinimg.com/webapp/www/[username]/scheduled-pin/[scheduled_pin_id]-22e36ba3bbda8c24.css]
[s.pinimg.com/webapp/53637-c15b150950065be7.js]
[s.pinimg.com/webapp/29152-6fd70d6f5eb72912.js]
[s.pinimg.com/webapp/45509-f30ccc07c9418b31.js]
[s.pinimg.com/webapp/55723-b0439bebfbf07005.js]
[s.pinimg.com/webapp/www/about/radtc-22e36ba3bbda8c24.css]
[s.pinimg.com/webapp/37486-b7a2d03f1405b2e6.js]
[s.pinimg.com/webapp/22312-a781bd0fd074f78a.js]
[s.pinimg.com/webapp/58666-90891ec2d5eea67b.js]
[s.pinimg.com/webapp/59120-07bf17a5b9b7fd41.js]
[s.pinimg.com/webapp/28264-7d67e90614c5e36d.js]
[s.pinimg.com/webapp/43009-472ac89c68289ad7.js]
[s.pinimg.com/webapp/53391-f051daf1cecce8ad.js]
[s.pinimg.com/webapp/71526-d6656d0a7c060358.js]
[s.pinimg.com/webapp/www/business/ad_create-22e36ba3bbda8c24.css]
[s.pinimg.com/webapp/36004-d69fb03190a1ee70.js]
[s.pinimg.com/webapp/13887-43f9a40d6de24323.js]
[s.pinimg.com/webapp/www/business/business-access-22e36ba3bbda8c24.css]
[s.pinimg.com/webapp/71091-96b9c4ee2425fa1c.js]
[s.pinimg.com/webapp/85690-fe95f6a42845b052.js]
[s.pinimg.com/webapp/16134-e8914280b95da0b5.js]
[s.pinimg.com/webapp/45392-59a8ac32743f5ef6.js]
[s.pinimg.com/webapp/www/business/business-access/[userBizId]-22e36ba3bbda8c24.css]
[s.pinimg.com/webapp/www/business/business-access/[userBizId]/ad-accounts-22e36ba3bbda8c24.css]
[s.pinimg.com/webapp/www/business/business-access/[userBizId]/ad-accounts/[detailId]/details-22e36ba3bbda8c24.css]
[s.pinimg.com/webapp/www/business/business-access/[userBizId]/asset-groups-22e36ba3bbda8c24.css]
[s.pinimg.com/webapp/75825-7c7ee69ccfd4d6e8.js]
[s.pinimg.com/webapp/www/business/business-access/[userBizId]/audiences-22e36ba3bbda8c24.css]
[s.pinimg.com/webapp/73529-ada644046d1411b8.js]
[s.pinimg.com/webapp/www/business/business-access/[userBizId]/dashboard-22e36ba3bbda8c24.css]
[s.pinimg.com/webapp/www/business/business-access/[userBizId]/employees/[detailId]/details-22e36ba3bbda8c24.css]
[s.pinimg.com/webapp/www/business/business-access/[userBizId]/partners/invites-22e36ba3bbda8c24.css]
[s.pinimg.com/webapp/www/business/business-access/[userBizId]/history-22e36ba3bbda8c24.css]
[s.pinimg.com/webapp/www/business/business-access/[userBizId]/invoice-management-22e36ba3bbda8c24.css]
[s.pinimg.com/webapp/www/business/business-access/[userBizId]/partners-22e36ba3bbda8c24.css]
[s.pinimg.com/webapp/5268-654d3f29a6de40f0.js]
[s.pinimg.com/webapp/www/business/business-access/[userBizId]/partners/[detailId]/details-22e36ba3bbda8c24.css]
[s.pinimg.com/webapp/www/business/business-access/[userBizId]/partners/requests-22e36ba3bbda8c24.css]
[s.pinimg.com/webapp/www/business/business-access/[userBizId]/profiles-22e36ba3bbda8c24.css]
[s.pinimg.com/webapp/www/business/business-access/[userBizId]/profiles/[detailId]/details-22e36ba3bbda8c24.css]
[s.pinimg.com/webapp/www/business/business-access/[userBizId]/security-22e36ba3bbda8c24.css]
[s.pinimg.com/webapp/www/business/business-access/[userBizId]/shared-tags-22e36ba3bbda8c24.css]
[s.pinimg.com/webapp/www/business/business-access/[userBizId]/shared/[detailId]/details-22e36ba3bbda8c24.css]
[s.pinimg.com/webapp/www/business/business-access/[userBizId]/support-22e36ba3bbda8c24.css]
[s.pinimg.com/webapp/www/business/business-hierarchy/[businessHierarchyId]/business_security-22e36ba3bbda8c24.css]
[s.pinimg.com/webapp/www/business/business-hierarchy/[businessHierarchyId]/hierarchy-22e36ba3bbda8c24.css]
[s.pinimg.com/webapp/www/business/business-hierarchy/[businessHierarchyId]/managers-22e36ba3bbda8c24.css]
[s.pinimg.com/webapp/69986-b11be59f8ae5ba6a.js]
[s.pinimg.com/webapp/12294-26c5af62abfd3e6b.js]
[s.pinimg.com/webapp/www/business/catalogs-6384adea5780b4d1.css]
[s.pinimg.com/webapp/40498-a129210074ff9963.js]
[s.pinimg.com/webapp/49639-2991e0dfa5e89b1d.js]
[s.pinimg.com/webapp/20224-03a531547e3c7130.js]
[s.pinimg.com/webapp/64494-351e5c869e51bc70.js]
[s.pinimg.com/webapp/61345-6c4c4266cded5d07.js]
[s.pinimg.com/webapp/www/business/create-c7a4f012a005525f.css]
[s.pinimg.com/webapp/www/business/hub-5c25d1a36dfa7921.css]
[s.pinimg.com/webapp/98520-1190c28fbd648956.js]
[s.pinimg.com/webapp/www/login-e161a84cea9cd0a3.css]
[s.pinimg.com/webapp/www/business/pin_create-22e36ba3bbda8c24.css]
[s.pinimg.com/webapp/67380-02729cdb76b12e43.js]
[s.pinimg.com/webapp/www/signup-22e36ba3bbda8c24.css]
[s.pinimg.com/webapp/www/business/update-e161a84cea9cd0a3.css]
[s.pinimg.com/webapp/14348-376ed37cf85598de.js]
[s.pinimg.com/webapp/85547-a4784b76ac5f258c.js]
[s.pinimg.com/webapp/52829-722b6b36472b25b7.js]
[s.pinimg.com/webapp/www/copyright-reporting/[username]-7a459349f6ff68de.css]
[s.pinimg.com/webapp/www/create-business-22e36ba3bbda8c24.css]
[s.pinimg.com/webapp/71827-7d65597b77c49fa0.js]
[s.pinimg.com/webapp/www/idea-ads-tool-22e36ba3bbda8c24.css]
[s.pinimg.com/webapp/63779-24ed80818497c397.js]
[s.pinimg.com/webapp/14131-fd4598b2641c9c1e.js]
[s.pinimg.com/webapp/www/pin-builder-22e36ba3bbda8c24.css]
[s.pinimg.com/webapp/96277-3f10a2e369a52393.js]
[s.pinimg.com/webapp/www/pin/[id]-03f1a460dfc876a5.js]
[s.pinimg.com/webapp/MobileAndUnauthPinPage-75183e4eaefe538d.css]
[s.pinimg.com/webapp/30197-8d38889daecc5fe8.js]
[s.pinimg.com/webapp/2123-e6737f4e04ca6170.js]
[s.pinimg.com/webapp/www/pin/[id]/analytics-22e36ba3bbda8c24.css]
[s.pinimg.com/webapp/29150-be293bebf3689ded.js]
[s.pinimg.com/webapp/www/pin/[id]/comments-62bbd4d7c8e22f17.css]
[s.pinimg.com/webapp/17221-7b45e22c7b1ce2db.js]
[s.pinimg.com/webapp/www/pin/[id]/idea-pin/related-products-62bbd4d7c8e22f17.css]
[s.pinimg.com/webapp/www/pin/[id]/promote-62bbd4d7c8e22f17.css]
[s.pinimg.com/webapp/www/pin/[id]/repin-62bbd4d7c8e22f17.css]
[s.pinimg.com/webapp/64109-307e5f7e56e7121f.js]
[s.pinimg.com/webapp/www/pin/[id]/share-62bbd4d7c8e22f17.css]
[s.pinimg.com/webapp/50192-0b12b0da3e0b7e65.js]
[s.pinimg.com/webapp/83964-19ed32bffda01ccd.js]
[s.pinimg.com/webapp/www/product-catalogs-6384adea5780b4d1.css]
[s.pinimg.com/webapp/www/product-catalogs/product-groups-0e3648d07c1c181f.css]
[s.pinimg.com/webapp/51726-65bea0952addb0fb.js]
[s.pinimg.com/webapp/www/product-catalogs/data-source/[feed_profile_id]/workflows/[workflow_id]-193ed3417127131d.css]
[s.pinimg.com/webapp/www/product-catalogs/data-source/[feed_profile_id]/workflows/[workflow_id]/event-type/[event_type_id]-248ac4352bb4a76c.css]
[s.pinimg.com/webapp/35773-21cf6992a35a901b.js]
[s.pinimg.com/webapp/61978-7b3e7076a80209d8.js]
[s.pinimg.com/webapp/76613-5b40e8bd9a6d013f.js]
[s.pinimg.com/webapp/38819-96c0784e36b9cb2b.js]
[s.pinimg.com/webapp/www/signup/thirdpartyage-22e36ba3bbda8c24.css]
[s.pinimg.com/webapp/7923-fb31b36a1c78b3a5.js]
[s.pinimg.com/webapp/85453-4dd8cb48c126b877.js]
[s.pinimg.com/webapp/51105-f73c51736160aa72.js]
[s.pinimg.com/webapp/30713-211914afb4823d76.js]
[s.pinimg.com/webapp/63664-66e62c0182375ce2.js]
[s.pinimg.com/webapp/11617-2ec094f3a7de99ab.js]
[s.pinimg.com/webapp/94024-54194c1bf9f60c5b.js]
[s.pinimg.com/webapp/25174-31929c5bfb5db739.js]
[s.pinimg.com/webapp/11086-7385d49d764dc942.js]
[s.pinimg.com/webapp/64152-462d9930041a7716.js]
[s.pinimg.com/webapp/www/tv/studio/episodes/[episodeId]/edit-22e36ba3bbda8c24.css]
[s.pinimg.com/webapp/www/tv/studio/episodes/create-22e36ba3bbda8c24.css]
[s.pinimg.com/webapp/DesktopUnauthPageWrapper-22e36ba3bbda8c24.css]
[s.pinimg.com/webapp/1861-3b98d0c1596aaf54.js]
[s.pinimg.com/webapp/6626-80a655010795df31.js]
[s.pinimg.com/webapp/13351-25aba1e06f734f7c.js]
[s.pinimg.com/webapp/21135-1b966f58a4798609.js]
[www.pinterest.com/pin/create/button/index42d7.html]
[www.pinterest.com/pin/create/button/index4449.html]
[www.pinterest.com/pin/create/button/index9548.html]
[s.pinimg.com/webapp/DesktopUnauthPageWrapper-e6f4c8bb1a4af098.js]
[www.pinterest.com/pin/create/button/android-app_/com.pinterest/pinterest/www.pinterest.com/pin/create/button/_media=&url=http_/localhost_8080/blogs/2024/01/12/the-sporting-canvas-brushstrokes/0e5dbe692aa.1f4.delaye]
[www.pinterest.com/pin/create/button/index8b7f.html]
[www.pinterest.com/pin/create/button/ios-app_/429047995/pinterest/add_pin/_method=button&image_url=&source_url=http_/localhost_8080/blogs/2024/01/12/the-sporting-canvas-brushstrokes-of-triumph/0e5dbe692aa.1f3.delaye]
[pinterest.com/pin/create/button/index49ca.html]
[www.pinterest.com/pin/create/button/android-app_/com.pinterest/pinterest/www.pinterest.com/pin/create/button/_media=&url=http_/localhost_8080/blogs/2024/01/12/game-changers-the-evolution-and-/2b792dca01d.1f6.delaye]
[www.pinterest.com/pin/create/button/ios-app_/429047995/pinterest/add_pin/_method=button&image_url=&source_url=http_/localhost_8080/blogs/2024/01/12/beyond-the-scoreboard-unveiling-the-heart-a/ec7a8f9f65ض.1f7.delaye]
[www.pinterest.com/pin/create/button/ios-app_/429047995/pinterest/add_pin/_method=button&image_url=&source_url=http_/localhost_8080/blogs/2024/01/12/game-changers-the-evolution-and-impact-of-m/2b792dca01d.1f5.delaye]
[connect.ok.ru/dk7b3d]
[www.pinterest.com/pin/create/button/index1a1e.html]
[www.pinterest.com/pin/create/button/android-app_/com.pinterest/pinterest/www.pinterest.com/pin/create/button/_media=&url=http_/localhost_8080/blogs/2024/01/12/beyond-the-scoreboard-unveiling-/ec7a8f9f65ض.1f8.delaye]
[www.pinterest.com/pin/create/button/indexb680.html]
[www.pinterest.com/pin/create/button/android-app_/com.pinterest/pinterest/www.pinterest.com/pin/create/button/_media=&url=http_/localhost_8080/blogs/2024/01/12/flavorful-tales-a-journey-throug/8236d0c871ي.1fa.delaye]
[www.pinterest.com/pin/create/button/ios-app_/429047995/pinterest/add_pin/_method=button&image_url=&source_url=http_/localhost_8080/blogs/2024/01/12/flavorful-tales-a-journey-through-global-ki/8236d0c871ي.1f9.delaye]
[www.pinterest.com/pin/create/button/index79d8.html]
[www.pinterest.com/pin/create/button/android-app_/com.pinterest/pinterest/www.pinterest.com/pin/create/button/_media=&url=http_/localhost_8080/blogs/2024/01/12/home-kitchen-chronicles-easy-rec/6c1fe8be0ca.1fc.delaye]
[www.pinterest.com/pin/create/button/ios-app_/429047995/pinterest/add_pin/_method=button&image_url=&source_url=http_/localhost_8080/blogs/2024/01/12/home-kitchen-chronicles-easy-recipes-for-ev/6c1fe8be0ca.1fb.delaye]
[localhost_8080/blogs/wp-includes/css/buttons.min1e39.css]
[www.pinterest.com/pin/create/button/ios-app_/429047995/pinterest/add_pin/_method=button&image_url=&source_url=http_/localhost_8080/blogs/2024/01/12/simple-eats-elevating-home-cooking-with-ev/265d103d32شي.1fd.delaye]
[www.pinterest.com/pin/create/button/indexafff.html]
[localhost_8080/blogs/wp-admin/images/loading.gif]
[localhost_8080/blogs/wp-admin/css/forms.min1e39.css]
[localhost_8080/blogs/wp-admin/css/l10n.min1e39.css]
[localhost_8080/blogs/wp-admin/images/w-logo-blue7a53.png]
[www.pinterest.com/pin/create/button/android-app_/com.pinterest/pinterest/www.pinterest.com/pin/create/button/_media=&url=http_/localhost_8080/blogs/2024/01/12/simple-eats-elevating-home-cook/265d103d32شي.1fe.delaye]
[localhost_8080/blogs/wp-admin/css/login.min1e39.css]
[www.pinterest.com/pin/create/button/index73a8.html]
[www.pinterest.com/pin/create/button/ios-app_/429047995/pinterest/add_pin/_method=button&image_url=&source_url=http_/localhost_8080/blogs/2024/01/12/savoring-the-fusion-of-culture-and-cuisine//2120b1b8f2ي.202.delaye]
[www.pinterest.com/pin/create/button/index368e.html]
[localhost_8080/blogs/index3fbb.html]
[localhost_8080/blogs/product/wordpress-pennant/indexa52e.html]
[localhost_8080/blogs/checkout/index.html]
[localhost_8080/blogs/cart/index9450.html]
[localhost_8080/blogs/cart/index277d.html]
[localhost_8080/blogs/index5d38.html]
[localhost_8080/blogs/product/logo-collection/indexa52e.html]
[localhost_8080/blogs/index648c.html]
[localhost_8080/blogs/product/beanie-with-logo/indexa52e.html]
[localhost_8080/blogs/cart/indexfc03.html]
[localhost_8080/blogs/cart/indexdc72.html]
[localhost_8080/blogs/index55e4.html]
[localhost_8080/blogs/product/t-shirt-with-logo/indexa52e.html]
[localhost_8080/blogs/cart/indexc176.html]
[www.pinterest.com/pin/create/button/android-app_/com.pinterest/pinterest/www.pinterest.com/pin/create/button/_media=&url=http_/localhost_8080/blogs/2024/01/12/savoring-the-fusion-of-culture-a/2120b1b8f2ي.203.delaye]
[www.pinterest.com/pin/create/button/android-app_/com.pinterest/pinterest/www.pinterest.com/pin/create/button/_media=&url=http_/localhost_8080/blogs/2024/01/12/the-art-of-culinary-exploration-/b1d0cd2166d.205.delaye]
[localhost_8080/blogs/cart/index4691.html]
[localhost_8080/blogs/shop/page/2/indexa52e.html]
[www.pinterest.com/pin/create/button/ios-app_/429047995/pinterest/add_pin/_method=button&image_url=&source_url=http_/localhost_8080/blogs/2024/01/12/the-art-of-culinary-exploration-a-gastronom/b1d0cd2166d.204.delaye]
[localhost_8080/blogs/shop/page/2/index0ff8.html]
[localhost_8080/blogs/product/sunglasses/feed/index.html]
[localhost_8080/blogs/wp-json/wp/v2/product/62.json]
[localhost_8080/blogs/wp-json/oembed/1.0/embedfff8.json]
[localhost_8080/blogs/wp-json/oembed/1.0/embeddfe3]
[localhost_8080/blogs/product/sunglasses/index.html]
[localhost_8080/blogs/shop/page/2/indexac00.html]
[localhost_8080/blogs/product/t-shirt/feed/index.html]
[localhost_8080/blogs/wp-json/wp/v2/product/47.json]
[localhost_8080/blogs/wp-json/oembed/1.0/embed1449.json]
[localhost_8080/blogs/wp-json/oembed/1.0/embed53d1]
[localhost_8080/blogs/product/t-shirt/index.html]
[localhost_8080/blogs/shop/page/2/index1e32.html]
[localhost_8080/blogs/shop/page/2/index07d1.html]
[localhost_8080/blogs/wp-json/wp/v2/product/44.json]
[localhost_8080/blogs/product/v-neck-t-shirt/feed/index.html]
[localhost_8080/blogs/wp-json/oembed/1.0/embed69b2.json]
[localhost_8080/blogs/wp-json/oembed/1.0/embed8599]
[localhost_8080/blogs/product/v-neck-t-shirt/index.html]
[localhost_8080/blogs/shop/page/2/indexdaaf.html]
[localhost_8080/blogs/shop/page/2/index2b90.html]
[localhost_8080/blogs/shop/page/1/index.html]
[localhost_8080/blogs/index8cae.html]
[localhost_8080/blogs/product/album/indexa52e.html]
[localhost_8080/blogs/cart/index2125.html]
[localhost_8080/blogs/shop/indexa7db.html]
[localhost_8080/blogs/index94b0.html]
[localhost_8080/blogs/product/beanie/indexa52e.html]
[localhost_8080/blogs/cart/indexb35b.html]
[localhost_8080/blogs/shop/indexc9b3.html]
[localhost_8080/blogs/cart/index4695.html]
[localhost_8080/blogs/shop/indexdc72.html]
[localhost_8080/blogs/indexe9b4.html]
[localhost_8080/blogs/product/belt/indexa52e.html]
[localhost_8080/blogs/cart/index9177.html]
[localhost_8080/blogs/shop/index1069.html]
[localhost_8080/blogs/index0721.html]
[localhost_8080/blogs/product/cap/indexa52e.html]
[localhost_8080/blogs/cart/indexd8b6.html]
[localhost_8080/blogs/shop/index650d.html]
[localhost_8080/blogs/index5e74.html]
[localhost_8080/blogs/product/hoodie/indexa52e.html]
[localhost_8080/blogs/cart/index9cde.html]
[localhost_8080/blogs/shop/indexd588.html]
[localhost_8080/blogs/index7ea6.html]
[localhost_8080/blogs/product/hoodie-with-logo/indexa52e.html]
[localhost_8080/blogs/cart/index3953.html]
[localhost_8080/blogs/shop/index2c1e.html]
[localhost_8080/blogs/index8cd4.html]
[localhost_8080/blogs/product/hoodie-with-pocket/indexa52e.html]
[localhost_8080/blogs/cart/index0866.html]
[localhost_8080/blogs/shop/index03a3.html]
[localhost_8080/blogs/index4f61.html]
[localhost_8080/blogs/product/hoodie-with-zipper/indexa52e.html]
[localhost_8080/blogs/cart/indexe151.html]
[localhost_8080/blogs/shop/index0e34.html]
[localhost_8080/blogs/index7ef4.html]
[localhost_8080/blogs/product/long-sleeve-tee/indexa52e.html]
[localhost_8080/blogs/cart/index9f80.html]
[localhost_8080/blogs/shop/indexcd96.html]
[localhost_8080/blogs/index3f3a.html]
[localhost_8080/blogs/product/polo/indexa52e.html]
[localhost_8080/blogs/cart/index264a.html]
[localhost_8080/blogs/shop/index60f5.html]
[localhost_8080/blogs/product-category/uncategorized/indexa52e.html]
[localhost_8080/blogs/my-account/indexa52e.html]
[www.pinterest.com/pin/create/button/ios-app_/429047995/pinterest/add_pin/_method=button&image_url=&source_url=http_/localhost_8080/blogs/2024/01/12/pinnacle-pursuits-a-chronicle-of-sporting-e/96a398b46aq.16e.delaye]
[www.pinterest.com/pin/create/button/android-app_/com.pinterest/pinterest/www.pinterest.com/pin/create/button/_media=&url=http_/localhost_8080/blogs/2024/01/12/pinnacle-pursuits-a-chronicle-of/96a398b46aq.16f.delaye]
[s.pinimg.com/webapp/www/[username]/[slug]/invite-294f066f9efdf28f.css]
[s.pinimg.com/webapp/www/[username]/scheduled-pin/[scheduled_pin_id]-22e36ba3bbda8c24.css]
[s.pinimg.com/webapp/www/about/radtc-22e36ba3bbda8c24.css]
[s.pinimg.com/webapp/www/business/ad_create-22e36ba3bbda8c24.css]
[s.pinimg.com/webapp/www/business/business-access-22e36ba3bbda8c24.css]
[s.pinimg.com/webapp/www/business/business-access/[userBizId]-22e36ba3bbda8c24.css]
[s.pinimg.com/webapp/www/business/business-access/[userBizId]/ad-accounts-22e36ba3bbda8c24.css]
[s.pinimg.com/webapp/www/business/business-access/[userBizId]/ad-accounts/[detailId]/details-22e36ba3bbda8c24.css]
[s.pinimg.com/webapp/www/business/business-access/[userBizId]/asset-groups-22e36ba3bbda8c24.css]
[s.pinimg.com/webapp/www/business/business-access/[userBizId]/audiences-22e36ba3bbda8c24.css]
[s.pinimg.com/webapp/www/business/business-access/[userBizId]/dashboard-22e36ba3bbda8c24.css]
[s.pinimg.com/webapp/www/business/business-access/[userBizId]/employees/[detailId]/details-22e36ba3bbda8c24.css]
[s.pinimg.com/webapp/www/business/business-access/[userBizId]/partners/invites-22e36ba3bbda8c24.css]
[s.pinimg.com/webapp/www/business/business-access/[userBizId]/history-22e36ba3bbda8c24.css]
[s.pinimg.com/webapp/www/business/business-access/[userBizId]/invoice-management-22e36ba3bbda8c24.css]
[s.pinimg.com/webapp/www/business/business-access/[userBizId]/partners-22e36ba3bbda8c24.css]
[s.pinimg.com/webapp/www/business/business-access/[userBizId]/partners/[detailId]/details-22e36ba3bbda8c24.css]
[s.pinimg.com/webapp/www/business/business-access/[userBizId]/partners/requests-22e36ba3bbda8c24.css]
[s.pinimg.com/webapp/www/business/business-access/[userBizId]/profiles-22e36ba3bbda8c24.css]
[s.pinimg.com/webapp/www/business/business-access/[userBizId]/profiles/[detailId]/details-22e36ba3bbda8c24.css]
[s.pinimg.com/webapp/www/business/business-access/[userBizId]/security-22e36ba3bbda8c24.css]
[s.pinimg.com/webapp/www/business/business-access/[userBizId]/shared-tags-22e36ba3bbda8c24.css]
[s.pinimg.com/webapp/www/business/business-access/[userBizId]/shared/[detailId]/details-22e36ba3bbda8c24.css]
[s.pinimg.com/webapp/www/business/business-access/[userBizId]/support-22e36ba3bbda8c24.css]
[s.pinimg.com/webapp/www/business/business-hierarchy/[businessHierarchyId]/business_security-22e36ba3bbda8c24.css]
[s.pinimg.com/webapp/www/business/business-hierarchy/[businessHierarchyId]/hierarchy-22e36ba3bbda8c24.css]
[s.pinimg.com/webapp/www/business/business-hierarchy/[businessHierarchyId]/managers-22e36ba3bbda8c24.css]
[s.pinimg.com/webapp/www/business/catalogs-6384adea5780b4d1.css]
[s.pinimg.com/webapp/www/business/create-c7a4f012a005525f.css]
[s.pinimg.com/webapp/www/business/hub-5c25d1a36dfa7921.css]
[s.pinimg.com/webapp/www/login-e161a84cea9cd0a3.css]
[s.pinimg.com/webapp/www/business/pin_create-22e36ba3bbda8c24.css]
[s.pinimg.com/webapp/www/signup-22e36ba3bbda8c24.css]
[s.pinimg.com/webapp/www/business/update-e161a84cea9cd0a3.css]
[s.pinimg.com/webapp/www/copyright-reporting/[username]-7a459349f6ff68de.css]
[s.pinimg.com/webapp/www/create-business-22e36ba3bbda8c24.css]
[s.pinimg.com/webapp/www/idea-ads-tool-22e36ba3bbda8c24.css]
[s.pinimg.com/webapp/www/pin-builder-22e36ba3bbda8c24.css]
[s.pinimg.com/webapp/MobileAndUnauthPinPage-75183e4eaefe538d.css]
[s.pinimg.com/webapp/www/pin/[id]/analytics-22e36ba3bbda8c24.css]
[s.pinimg.com/webapp/www/pin/[id]/comments-62bbd4d7c8e22f17.css]
[s.pinimg.com/webapp/www/pin/[id]/idea-pin/related-products-62bbd4d7c8e22f17.css]
[s.pinimg.com/webapp/www/pin/[id]/promote-62bbd4d7c8e22f17.css]
[s.pinimg.com/webapp/www/pin/[id]/repin-62bbd4d7c8e22f17.css]
[s.pinimg.com/webapp/www/pin/[id]/share-62bbd4d7c8e22f17.css]
[s.pinimg.com/webapp/www/product-catalogs-6384adea5780b4d1.css]
[s.pinimg.com/webapp/www/product-catalogs/product-groups-0e3648d07c1c181f.css]
[s.pinimg.com/webapp/www/product-catalogs/data-source/[feed_profile_id]/workflows/[workflow_id]-193ed3417127131d.css]
[s.pinimg.com/webapp/www/product-catalogs/data-source/[feed_profile_id]/workflows/[workflow_id]/event-type/[event_type_id]-248ac4352bb4a76c.css]
[s.pinimg.com/webapp/www/signup/thirdpartyage-22e36ba3bbda8c24.css]
[s.pinimg.com/webapp/www/tv/studio/episodes/[episodeId]/edit-22e36ba3bbda8c24.css]
[s.pinimg.com/webapp/www/tv/studio/episodes/create-22e36ba3bbda8c24.css]
[s.pinimg.com/webapp/DesktopUnauthPageWrapper-22e36ba3bbda8c24.css]
[www.pinterest.com/pin/create/button/ios-app_/429047995/pinterest/add_pin/_method=button&image_url=&source_url=http_/localhost_8080/blogs/2024/01/12/the-sporting-canvas-brushstrokes-of-triumph/0e5dbe692aa.1f3.delaye]
[www.pinterest.com/pin/create/button/android-app_/com.pinterest/pinterest/www.pinterest.com/pin/create/button/_media=&url=http_/localhost_8080/blogs/2024/01/12/the-sporting-canvas-brushstrokes/0e5dbe692aa.1f4.delaye]
[www.pinterest.com/pin/create/button/ios-app_/429047995/pinterest/add_pin/_method=button&image_url=&source_url=http_/localhost_8080/blogs/2024/01/12/game-changers-the-evolution-and-impact-of-m/2b792dca01d.1f5.delaye]
[www.pinterest.com/pin/create/button/android-app_/com.pinterest/pinterest/www.pinterest.com/pin/create/button/_media=&url=http_/localhost_8080/blogs/2024/01/12/game-changers-the-evolution-and-/2b792dca01d.1f6.delaye]
[www.pinterest.com/pin/create/button/ios-app_/429047995/pinterest/add_pin/_method=button&image_url=&source_url=http_/localhost_8080/blogs/2024/01/12/beyond-the-scoreboard-unveiling-the-heart-a/ec7a8f9f65ض.1f7.delaye]
[www.pinterest.com/pin/create/button/android-app_/com.pinterest/pinterest/www.pinterest.com/pin/create/button/_media=&url=http_/localhost_8080/blogs/2024/01/12/beyond-the-scoreboard-unveiling-/ec7a8f9f65ض.1f8.delaye]
[www.pinterest.com/pin/create/button/indexafff.html]
[www.pinterest.com/pin/create/button/ios-app_/429047995/pinterest/add_pin/_method=button&image_url=&source_url=http_/localhost_8080/blogs/2024/01/12/flavorful-tales-a-journey-through-global-ki/8236d0c871ي.1f9.delaye]
[www.pinterest.com/pin/create/button/android-app_/com.pinterest/pinterest/www.pinterest.com/pin/create/button/_media=&url=http_/localhost_8080/blogs/2024/01/12/flavorful-tales-a-journey-throug/8236d0c871ي.1fa.delaye]
[www.pinterest.com/pin/create/button/ios-app_/429047995/pinterest/add_pin/_method=button&image_url=&source_url=http_/localhost_8080/blogs/2024/01/12/home-kitchen-chronicles-easy-recipes-for-ev/6c1fe8be0ca.1fb.delaye]
[www.pinterest.com/pin/create/button/android-app_/com.pinterest/pinterest/www.pinterest.com/pin/create/button/_media=&url=http_/localhost_8080/blogs/2024/01/12/home-kitchen-chronicles-easy-rec/6c1fe8be0ca.1fc.delaye]
[www.pinterest.com/pin/create/button/ios-app_/429047995/pinterest/add_pin/_method=button&image_url=&source_url=http_/localhost_8080/blogs/2024/01/12/simple-eats-elevating-home-cooking-with-ev/265d103d32شي.1fd.delaye]
[www.pinterest.com/pin/create/button/android-app_/com.pinterest/pinterest/www.pinterest.com/pin/create/button/_media=&url=http_/localhost_8080/blogs/2024/01/12/simple-eats-elevating-home-cook/265d103d32شي.1fe.delaye]
[localhost_8080/blogs/wp-admin/images/wordpress-logo7d6b.svg]
[www.pinterest.com/pin/create/button/ios-app_/429047995/pinterest/add_pin/_method=button&image_url=&source_url=http_/localhost_8080/blogs/2024/01/12/savoring-the-fusion-of-culture-and-cuisine//2120b1b8f2ي.202.delaye]
[www.pinterest.com/pin/create/button/android-app_/com.pinterest/pinterest/www.pinterest.com/pin/create/button/_media=&url=http_/localhost_8080/blogs/2024/01/12/savoring-the-fusion-of-culture-a/2120b1b8f2ي.203.delaye]
[www.pinterest.com/pin/create/button/ios-app_/429047995/pinterest/add_pin/_method=button&image_url=&source_url=http_/localhost_8080/blogs/2024/01/12/the-art-of-culinary-exploration-a-gastronom/b1d0cd2166d.204.delaye]
[www.pinterest.com/pin/create/button/android-app_/com.pinterest/pinterest/www.pinterest.com/pin/create/button/_media=&url=http_/localhost_8080/blogs/2024/01/12/the-art-of-culinary-exploration-/b1d0cd2166d.205.delaye]
[localhost_8080/blogs/cart/index0a94.html]
[localhost_8080/blogs/cart/index74ef.html]
[localhost_8080/blogs/cart/indexa96b.html]
[localhost_8080/blogs/cart/indexa401.html]
[localhost_8080/blogs/shop/page/2/indexae85.html]
[localhost_8080/blogs/index5c36.html]
[localhost_8080/blogs/product/sunglasses/indexa52e.html]
[localhost_8080/blogs/cart/index1d84.html]
[localhost_8080/blogs/shop/page/2/indexff4e.html]
[localhost_8080/blogs/indexcb30.html]
[localhost_8080/blogs/product/t-shirt/indexa52e.html]
[localhost_8080/blogs/cart/index77f3.html]
[www.pinterest.com/pin/create/button/ios-app_/429047995/pinterest/add_pin/_method=button&image_url=&source_url=http_/localhost_8080/blogs/2024/01/12/game-on-unleashing-the-spirit-of-sportsmans/38e1b84187a.20f.delaye]
[www.pinterest.com/pin/create/button/android-app_/com.pinterest/pinterest/www.pinterest.com/pin/create/button/_media=&url=http_/localhost_8080/blogs/2024/01/12/game-on-unleashing-the-spirit-of/38e1b84187a.210.delaye]
[localhost_8080/blogs/shop/page/2/index19d3.html]
[localhost_8080/blogs/cart/indexa79a.html]
[localhost_8080/blogs/shop/page/2/index4691.html]
[localhost_8080/blogs/index49b1.html]
[localhost_8080/blogs/product/v-neck-t-shirt/indexa52e.html]
[localhost_8080/blogs/cart/index8660.html]
[localhost_8080/blogs/shop/page/2/index009c.html]
[localhost_8080/blogs/cart/index2394.html]
[localhost_8080/blogs/shop/page/2/index277d.html]
[localhost_8080/blogs/shop/page/1/indexa52e.html]
[localhost_8080/blogs/shop/page/1/index18c1.html]
[localhost_8080/blogs/shop/page/1/index4684.html]
[localhost_8080/blogs/shop/page/1/index4b40.html]
[localhost_8080/blogs/shop/page/1/index0a69.html]
[localhost_8080/blogs/shop/page/1/index7054.html]
[localhost_8080/blogs/shop/page/1/indexec93.html]
[localhost_8080/blogs/shop/page/1/index751f.html]
[localhost_8080/blogs/shop/page/1/indexedb8.html]
[localhost_8080/blogs/shop/page/1/index9372.html]
[localhost_8080/blogs/shop/page/1/index93a1.html]
[localhost_8080/blogs/shop/page/1/indexf6b1.html]
[localhost_8080/blogs/cart/index6894.html]
[localhost_8080/blogs/cart/index2b11.html]
[localhost_8080/blogs/cart/index11ec.html]
[localhost_8080/blogs/cart/index9da0.html]
[localhost_8080/blogs/cart/index4f98.html]
[localhost_8080/blogs/cart/index3db2.html]
[localhost_8080/blogs/cart/index13e4.html]
[localhost_8080/blogs/cart/index2385.html]
[localhost_8080/blogs/cart/index3ca5.html]
[localhost_8080/blogs/cart/index1c93.html]
[localhost_8080/blogs/cart/indexc2d1.html]
[www.pinterest.com/pin/create/button/ios-app_/429047995/pinterest/add_pin/_method=button&image_url=&source_url=http_/localhost_8080/blogs/2024/01/12/game-on-unleashing-the-spirit-of-sportsmans/38e1b84187a.20f.delaye]
[www.pinterest.com/pin/create/button/android-app_/com.pinterest/pinterest/www.pinterest.com/pin/create/button/_media=&url=http_/localhost_8080/blogs/2024/01/12/game-on-unleashing-the-spirit-of/38e1b84187a.210.delaye]
[localhost_8080/blogs/cart/indexbd38.html]
[localhost_8080/blogs/cart/index8f41.html]
[localhost_8080/blogs/cart/indexab8e.html]
[localhost_8080/blogs/cart/index06d1.html]
[localhost_8080/blogs/cart/indexba20.html]
[localhost_8080/blogs/cart/indexd6cd.html]
[localhost_8080/blogs/cart/index2b8a.html]
[localhost_8080/blogs/shop/page/1/indexa7db.html]
[localhost_8080/blogs/cart/index2783.html]
[localhost_8080/blogs/shop/page/1/indexc9b3.html]
[localhost_8080/blogs/cart/indexbcef.html]
[localhost_8080/blogs/shop/page/1/indexdc72.html]
[localhost_8080/blogs/cart/index16ac.html]
[localhost_8080/blogs/shop/page/1/index1069.html]
[localhost_8080/blogs/cart/index3225.html]
[localhost_8080/blogs/shop/page/1/index650d.html]
[localhost_8080/blogs/cart/index6f03.html]
[localhost_8080/blogs/shop/page/1/indexd588.html]
[localhost_8080/blogs/cart/indexb27d.html]
[localhost_8080/blogs/shop/page/1/index2c1e.html]
[localhost_8080/blogs/cart/index107b.html]
[localhost_8080/blogs/shop/page/1/index03a3.html]
[localhost_8080/blogs/cart/index548b.html]
[localhost_8080/blogs/shop/page/1/index0e34.html]
[localhost_8080/blogs/cart/index33b4.html]
[localhost_8080/blogs/shop/page/1/indexcd96.html]
[localhost_8080/blogs/cart/index3be3.html]
[localhost_8080/blogs/shop/page/1/index60f5.html]
[localhost_8080/blogs/cart/index461d.html]
[localhost_8080/blogs/cart/indexb14f.html]
[localhost_8080/blogs/cart/index8075.html]
[localhost_8080/blogs/cart/index236f.html]
[localhost_8080/blogs/cart/index9dac.html]
[localhost_8080/blogs/cart/index701b.html]
[localhost_8080/blogs/cart/indexe976.html]
[localhost_8080/blogs/cart/index5ff4.html]
[localhost_8080/blogs/cart/index6e5c.html]
[localhost_8080/blogs/cart/index3e71.html]
[localhost_8080/blogs/cart/indexfe99.html]
